// Jest Snapshot v1, https://goo.gl/fbAQLP

exports[`Testpage Component should render without throwing an error 1`] = `ShallowWrapper {}`;
