// Jest Snapshot v1, https://goo.gl/fbAQLP

exports[`Carousel Component Carousel should render without throwing an error 1`] = `ShallowWrapper {}`;
