// Jest Snapshot v1, https://goo.gl/fbAQLP

exports[`Header Component should render the Header Component correctly 1`] = `ShallowWrapper {}`;
